// Jest Snapshot v1, https://goo.gl/fbAQLP

exports[`AdminItem should render correctly in "debug" mode 1`] = `ShallowWrapper {}`;

exports[`AdminList should render correctly in "debug" mode 1`] = `ShallowWrapper {}`;

exports[`AdminPage should render correctly in "debug" mode 1`] = `ShallowWrapper {}`;
